----------------------------------------
Begin Batch Job Prologue Fri Jun  7 15:07:50 EDT 2024
Job ID:           1915819
Username:         tur54445
Group:            chem
Job Name:         gmx_nvt.pf
Resources List:   nodes=1:ppn=28,walltime=48:00:00,neednodes=1:ppn=28
Queue:            normal
Account:          
Nodes:            b113 
----------------------------------------
End Batch Job Prologue Fri Jun  7 15:07:51 EDT 2024
----------------------------------------
--------------------------------------------------------------------------
MPI_ABORT was invoked on rank 16 in communicator MPI_COMM_WORLD
with errorcode 1.

NOTE: invoking MPI_ABORT causes Open MPI to kill all MPI processes.
You may or may not see output from other processes, depending on
exactly when Open MPI kills them.
--------------------------------------------------------------------------
----------------------------------------
Begin Batch Job Epilogue Fri Jun  7 15:07:55 EDT 2024
Job ID:           1915819
Username:         tur54445
Group:            chem
Job Name:         gmx_nvt.pf
Session:          9308
Limits:           nodes=1:ppn=28,walltime=48:00:00,neednodes=1:ppn=28
Resources:        cput=00:00:43,vmem=0kb,walltime=00:00:05,mem=0kb,energy_used=0
Queue:            normal
Account:          
Deleting /dev/shm/*...
----------------------------------------
End Batch Job Epilogue Fri Jun  7 15:08:16 EDT 2024
----------------------------------------
